{"__type":"$$EventMessageWorkflow","id":"968f8b6d-3f93-4682-9427-0940b2c7340e","ts":"2026-05-01T02:06:27.511+00:00","eventName":"n8n.workflow.started","message":"n8n.workflow.started","payload":{"executionId":"6","workflowId":"ssxWpVLumwwKwla2","isManual":false,"mode":"manual","workflowName":"05 - Camera Behavior - Behavior Monitoring Agent"}}
{"__type":"$$EventMessageConfirm","confirm":"968f8b6d-3f93-4682-9427-0940b2c7340e","ts":"2026-05-01T02:06:27.511+00:00","source":{"id":"0","name":"eventBus"}}
{"__type":"$$EventMessageNode","id":"5f660954-89f7-48ff-9cf4-6564edbae8c1","ts":"2026-05-01T02:06:27.513+00:00","eventName":"n8n.node.started","message":"n8n.node.started","payload":{"workflowId":"ssxWpVLumwwKwla2","workflowName":"05 - Camera Behavior - Behavior Monitoring Agent","executionId":"6","nodeType":"n8n-nodes-base.manualTrigger","nodeName":"Manual Test Trigger","nodeId":"8fcc05d6-766b-4129-955b-957f18cbed85"}}
{"__type":"$$EventMessageConfirm","confirm":"5f660954-89f7-48ff-9cf4-6564edbae8c1","ts":"2026-05-01T02:06:27.513+00:00","source":{"id":"0","name":"eventBus"}}
{"__type":"$$EventMessageNode","id":"99130ab6-be89-46f8-9e67-14487e5ed525","ts":"2026-05-01T02:06:27.514+00:00","eventName":"n8n.node.finished","message":"n8n.node.finished","payload":{"workflowId":"ssxWpVLumwwKwla2","workflowName":"05 - Camera Behavior - Behavior Monitoring Agent","executionId":"6","nodeType":"n8n-nodes-base.manualTrigger","nodeName":"Manual Test Trigger","nodeId":"8fcc05d6-766b-4129-955b-957f18cbed85"}}
{"__type":"$$EventMessageConfirm","confirm":"99130ab6-be89-46f8-9e67-14487e5ed525","ts":"2026-05-01T02:06:27.514+00:00","source":{"id":"0","name":"eventBus"}}
{"__type":"$$EventMessageNode","id":"64a348da-fa56-4e5c-97e5-4ed6c6ba0c5e","ts":"2026-05-01T02:06:27.515+00:00","eventName":"n8n.node.started","message":"n8n.node.started","payload":{"workflowId":"ssxWpVLumwwKwla2","workflowName":"05 - Camera Behavior - Behavior Monitoring Agent","executionId":"6","nodeType":"n8n-nodes-base.code","nodeName":"Inject Test Payload","nodeId":"a1bdbe3e-81f6-46c8-9d65-0f0af11dc2b6"}}
{"__type":"$$EventMessageConfirm","confirm":"64a348da-fa56-4e5c-97e5-4ed6c6ba0c5e","ts":"2026-05-01T02:06:27.515+00:00","source":{"id":"0","name":"eventBus"}}
{"__type":"$$EventMessageRunner","id":"d2444dc1-de04-4851-bb02-510ea03da353","ts":"2026-05-01T02:06:27.523+00:00","eventName":"n8n.runner.task.requested","message":"n8n.runner.task.requested","payload":{"taskId":"r7xxH9e7","nodeId":"a1bdbe3e-81f6-46c8-9d65-0f0af11dc2b6","workflowId":"ssxWpVLumwwKwla2","executionId":"6"}}
{"__type":"$$EventMessageConfirm","confirm":"d2444dc1-de04-4851-bb02-510ea03da353","ts":"2026-05-01T02:06:27.523+00:00","source":{"id":"0","name":"eventBus"}}
{"__type":"$$EventMessageRunner","id":"1833be4e-7977-4c00-b5f1-68b35cb00a12","ts":"2026-05-01T02:06:27.589+00:00","eventName":"n8n.runner.response.received","message":"n8n.runner.response.received","payload":{"taskId":"r7xxH9e7","nodeId":"a1bdbe3e-81f6-46c8-9d65-0f0af11dc2b6","workflowId":"ssxWpVLumwwKwla2","executionId":"6"}}
{"__type":"$$EventMessageConfirm","confirm":"1833be4e-7977-4c00-b5f1-68b35cb00a12","ts":"2026-05-01T02:06:27.589+00:00","source":{"id":"0","name":"eventBus"}}
{"__type":"$$EventMessageNode","id":"90df50ee-deaa-4448-99fa-ffc78def55b6","ts":"2026-05-01T02:06:27.590+00:00","eventName":"n8n.node.finished","message":"n8n.node.finished","payload":{"workflowId":"ssxWpVLumwwKwla2","workflowName":"05 - Camera Behavior - Behavior Monitoring Agent","executionId":"6","nodeType":"n8n-nodes-base.code","nodeName":"Inject Test Payload","nodeId":"a1bdbe3e-81f6-46c8-9d65-0f0af11dc2b6"}}
{"__type":"$$EventMessageConfirm","confirm":"90df50ee-deaa-4448-99fa-ffc78def55b6","ts":"2026-05-01T02:06:27.590+00:00","source":{"id":"0","name":"eventBus"}}
{"__type":"$$EventMessageNode","id":"c953cf1e-2d3e-4fc3-93c4-ebf95dcad7e7","ts":"2026-05-01T02:06:27.590+00:00","eventName":"n8n.node.started","message":"n8n.node.started","payload":{"workflowId":"ssxWpVLumwwKwla2","workflowName":"05 - Camera Behavior - Behavior Monitoring Agent","executionId":"6","nodeType":"n8n-nodes-base.httpRequest","nodeName":"Load Study Config","nodeId":"4c36d3f8-1ddf-45e8-b21c-f5d0767f2bd4"}}
{"__type":"$$EventMessageConfirm","confirm":"c953cf1e-2d3e-4fc3-93c4-ebf95dcad7e7","ts":"2026-05-01T02:06:27.591+00:00","source":{"id":"0","name":"eventBus"}}
{"__type":"$$EventMessageNode","id":"17712cba-2a2f-48a8-9124-fd844e3dcf50","ts":"2026-04-30T22:06:27.754-04:00","eventName":"n8n.node.finished","message":"n8n.node.finished","payload":{"workflowId":"ssxWpVLumwwKwla2","workflowName":"05 - Camera Behavior - Behavior Monitoring Agent","executionId":"6","nodeType":"n8n-nodes-base.httpRequest","nodeName":"Load Study Config","nodeId":"4c36d3f8-1ddf-45e8-b21c-f5d0767f2bd4"}}
{"__type":"$$EventMessageConfirm","confirm":"17712cba-2a2f-48a8-9124-fd844e3dcf50","ts":"2026-04-30T22:06:27.754-04:00","source":{"id":"0","name":"eventBus"}}
{"__type":"$$EventMessageWorkflow","id":"8964596b-34d8-42ea-bcaf-1ed3d72c7c7e","ts":"2026-04-30T22:06:27.761-04:00","eventName":"n8n.workflow.failed","message":"n8n.workflow.failed","payload":{"userId":"c6fe5f47-346b-46a6-9af8-71b0a3ce97fe","executionId":"6","success":false,"isManual":true,"mode":"manual","workflowId":"ssxWpVLumwwKwla2","workflowName":"05 - Camera Behavior - Behavior Monitoring Agent","lastNodeExecuted":"Load Study Config","errorNodeType":"n8n-nodes-base.httpRequest","errorMessage":"The connection cannot be established, this usually occurs due to an incorrect host (domain) value"}}
{"__type":"$$EventMessageConfirm","confirm":"8964596b-34d8-42ea-bcaf-1ed3d72c7c7e","ts":"2026-04-30T22:06:27.761-04:00","source":{"id":"0","name":"eventBus"}}
{"__type":"$$EventMessageWorkflow","id":"863dfd24-7998-4d90-8a84-f3264d5983b6","ts":"2026-04-30T22:09:14.189-04:00","eventName":"n8n.workflow.started","message":"n8n.workflow.started","payload":{"executionId":"7","workflowId":"ssxWpVLumwwKwla2","isManual":false,"mode":"manual","workflowName":"05 - Camera Behavior - Behavior Monitoring Agent"}}
{"__type":"$$EventMessageConfirm","confirm":"863dfd24-7998-4d90-8a84-f3264d5983b6","ts":"2026-04-30T22:09:14.189-04:00","source":{"id":"0","name":"eventBus"}}
{"__type":"$$EventMessageNode","id":"3d5af7d0-8bdd-45b4-8ac9-6d47b4e77520","ts":"2026-04-30T22:09:14.191-04:00","eventName":"n8n.node.started","message":"n8n.node.started","payload":{"workflowId":"ssxWpVLumwwKwla2","workflowName":"05 - Camera Behavior - Behavior Monitoring Agent","executionId":"7","nodeType":"n8n-nodes-base.manualTrigger","nodeName":"Manual Test Trigger","nodeId":"8fcc05d6-766b-4129-955b-957f18cbed85"}}
{"__type":"$$EventMessageConfirm","confirm":"3d5af7d0-8bdd-45b4-8ac9-6d47b4e77520","ts":"2026-04-30T22:09:14.191-04:00","source":{"id":"0","name":"eventBus"}}
{"__type":"$$EventMessageNode","id":"1fe8b656-96c3-469f-812b-ec3b198abba1","ts":"2026-04-30T22:09:14.191-04:00","eventName":"n8n.node.finished","message":"n8n.node.finished","payload":{"workflowId":"ssxWpVLumwwKwla2","workflowName":"05 - Camera Behavior - Behavior Monitoring Agent","executionId":"7","nodeType":"n8n-nodes-base.manualTrigger","nodeName":"Manual Test Trigger","nodeId":"8fcc05d6-766b-4129-955b-957f18cbed85"}}
{"__type":"$$EventMessageConfirm","confirm":"1fe8b656-96c3-469f-812b-ec3b198abba1","ts":"2026-04-30T22:09:14.191-04:00","source":{"id":"0","name":"eventBus"}}
{"__type":"$$EventMessageNode","id":"63b28209-f541-430a-961e-fc7ad9c3c35c","ts":"2026-04-30T22:09:14.191-04:00","eventName":"n8n.node.started","message":"n8n.node.started","payload":{"workflowId":"ssxWpVLumwwKwla2","workflowName":"05 - Camera Behavior - Behavior Monitoring Agent","executionId":"7","nodeType":"n8n-nodes-base.code","nodeName":"Inject Test Payload","nodeId":"a1bdbe3e-81f6-46c8-9d65-0f0af11dc2b6"}}
{"__type":"$$EventMessageConfirm","confirm":"63b28209-f541-430a-961e-fc7ad9c3c35c","ts":"2026-04-30T22:09:14.192-04:00","source":{"id":"0","name":"eventBus"}}
{"__type":"$$EventMessageRunner","id":"5d95bf52-2389-4559-a29d-81b65701c8b0","ts":"2026-04-30T22:09:14.194-04:00","eventName":"n8n.runner.task.requested","message":"n8n.runner.task.requested","payload":{"taskId":"vmzaVQA7","nodeId":"a1bdbe3e-81f6-46c8-9d65-0f0af11dc2b6","workflowId":"ssxWpVLumwwKwla2","executionId":"7"}}
{"__type":"$$EventMessageConfirm","confirm":"5d95bf52-2389-4559-a29d-81b65701c8b0","ts":"2026-04-30T22:09:14.194-04:00","source":{"id":"0","name":"eventBus"}}
{"__type":"$$EventMessageRunner","id":"9a5c5a3f-136c-49d5-a0b1-ce8b3cb42d85","ts":"2026-04-30T22:09:14.201-04:00","eventName":"n8n.runner.response.received","message":"n8n.runner.response.received","payload":{"taskId":"vmzaVQA7","nodeId":"a1bdbe3e-81f6-46c8-9d65-0f0af11dc2b6","workflowId":"ssxWpVLumwwKwla2","executionId":"7"}}
{"__type":"$$EventMessageConfirm","confirm":"9a5c5a3f-136c-49d5-a0b1-ce8b3cb42d85","ts":"2026-04-30T22:09:14.201-04:00","source":{"id":"0","name":"eventBus"}}
{"__type":"$$EventMessageNode","id":"6592d409-192e-468f-9fde-a44c9d5ac2ef","ts":"2026-04-30T22:09:14.201-04:00","eventName":"n8n.node.finished","message":"n8n.node.finished","payload":{"workflowId":"ssxWpVLumwwKwla2","workflowName":"05 - Camera Behavior - Behavior Monitoring Agent","executionId":"7","nodeType":"n8n-nodes-base.code","nodeName":"Inject Test Payload","nodeId":"a1bdbe3e-81f6-46c8-9d65-0f0af11dc2b6"}}
{"__type":"$$EventMessageConfirm","confirm":"6592d409-192e-468f-9fde-a44c9d5ac2ef","ts":"2026-04-30T22:09:14.201-04:00","source":{"id":"0","name":"eventBus"}}
{"__type":"$$EventMessageNode","id":"b4525098-aab9-4172-8c49-f4258bcc33ca","ts":"2026-04-30T22:09:14.201-04:00","eventName":"n8n.node.started","message":"n8n.node.started","payload":{"workflowId":"ssxWpVLumwwKwla2","workflowName":"05 - Camera Behavior - Behavior Monitoring Agent","executionId":"7","nodeType":"n8n-nodes-base.httpRequest","nodeName":"Load Study Config","nodeId":"4c36d3f8-1ddf-45e8-b21c-f5d0767f2bd4"}}
{"__type":"$$EventMessageConfirm","confirm":"b4525098-aab9-4172-8c49-f4258bcc33ca","ts":"2026-04-30T22:09:14.202-04:00","source":{"id":"0","name":"eventBus"}}
{"__type":"$$EventMessageNode","id":"1ee74c73-1fa0-4d39-94b0-045a74829446","ts":"2026-04-30T22:09:14.218-04:00","eventName":"n8n.node.finished","message":"n8n.node.finished","payload":{"workflowId":"ssxWpVLumwwKwla2","workflowName":"05 - Camera Behavior - Behavior Monitoring Agent","executionId":"7","nodeType":"n8n-nodes-base.httpRequest","nodeName":"Load Study Config","nodeId":"4c36d3f8-1ddf-45e8-b21c-f5d0767f2bd4"}}
{"__type":"$$EventMessageConfirm","confirm":"1ee74c73-1fa0-4d39-94b0-045a74829446","ts":"2026-04-30T22:09:14.218-04:00","source":{"id":"0","name":"eventBus"}}
{"__type":"$$EventMessageWorkflow","id":"8b3be9ff-18f7-4bc4-aa91-eb788bcf3303","ts":"2026-04-30T22:09:14.222-04:00","eventName":"n8n.workflow.failed","message":"n8n.workflow.failed","payload":{"userId":"c6fe5f47-346b-46a6-9af8-71b0a3ce97fe","executionId":"7","success":false,"isManual":true,"mode":"manual","workflowId":"ssxWpVLumwwKwla2","workflowName":"05 - Camera Behavior - Behavior Monitoring Agent","lastNodeExecuted":"Load Study Config","errorNodeType":"n8n-nodes-base.httpRequest","errorMessage":"The connection cannot be established, this usually occurs due to an incorrect host (domain) value"}}
{"__type":"$$EventMessageConfirm","confirm":"8b3be9ff-18f7-4bc4-aa91-eb788bcf3303","ts":"2026-04-30T22:09:14.222-04:00","source":{"id":"0","name":"eventBus"}}
{"__type":"$$EventMessageWorkflow","id":"f7e227dd-7fd0-4e11-9416-835ae5a4a203","ts":"2026-04-30T22:12:06.085-04:00","eventName":"n8n.workflow.started","message":"n8n.workflow.started","payload":{"executionId":"8","workflowId":"ssxWpVLumwwKwla2","isManual":false,"mode":"manual","workflowName":"05 - Camera Behavior - Behavior Monitoring Agent"}}
{"__type":"$$EventMessageConfirm","confirm":"f7e227dd-7fd0-4e11-9416-835ae5a4a203","ts":"2026-04-30T22:12:06.085-04:00","source":{"id":"0","name":"eventBus"}}
{"__type":"$$EventMessageNode","id":"15ec6d6c-8c96-4478-a623-b9be1f5676d4","ts":"2026-04-30T22:12:06.087-04:00","eventName":"n8n.node.started","message":"n8n.node.started","payload":{"workflowId":"ssxWpVLumwwKwla2","workflowName":"05 - Camera Behavior - Behavior Monitoring Agent","executionId":"8","nodeType":"n8n-nodes-base.manualTrigger","nodeName":"Manual Test Trigger","nodeId":"8fcc05d6-766b-4129-955b-957f18cbed85"}}
{"__type":"$$EventMessageConfirm","confirm":"15ec6d6c-8c96-4478-a623-b9be1f5676d4","ts":"2026-04-30T22:12:06.087-04:00","source":{"id":"0","name":"eventBus"}}
{"__type":"$$EventMessageNode","id":"c524870a-71c9-4aa9-b2e2-588406d61360","ts":"2026-04-30T22:12:06.087-04:00","eventName":"n8n.node.finished","message":"n8n.node.finished","payload":{"workflowId":"ssxWpVLumwwKwla2","workflowName":"05 - Camera Behavior - Behavior Monitoring Agent","executionId":"8","nodeType":"n8n-nodes-base.manualTrigger","nodeName":"Manual Test Trigger","nodeId":"8fcc05d6-766b-4129-955b-957f18cbed85"}}
{"__type":"$$EventMessageConfirm","confirm":"c524870a-71c9-4aa9-b2e2-588406d61360","ts":"2026-04-30T22:12:06.087-04:00","source":{"id":"0","name":"eventBus"}}
{"__type":"$$EventMessageNode","id":"b2227ed2-818e-4462-99b1-50d88d98f288","ts":"2026-04-30T22:12:06.088-04:00","eventName":"n8n.node.started","message":"n8n.node.started","payload":{"workflowId":"ssxWpVLumwwKwla2","workflowName":"05 - Camera Behavior - Behavior Monitoring Agent","executionId":"8","nodeType":"n8n-nodes-base.code","nodeName":"Inject Test Payload","nodeId":"a1bdbe3e-81f6-46c8-9d65-0f0af11dc2b6"}}
{"__type":"$$EventMessageConfirm","confirm":"b2227ed2-818e-4462-99b1-50d88d98f288","ts":"2026-04-30T22:12:06.088-04:00","source":{"id":"0","name":"eventBus"}}
{"__type":"$$EventMessageRunner","id":"07130051-2fb0-4d15-ba64-dd9b3f4bb65c","ts":"2026-04-30T22:12:06.090-04:00","eventName":"n8n.runner.task.requested","message":"n8n.runner.task.requested","payload":{"taskId":"2nX5_qmo","nodeId":"a1bdbe3e-81f6-46c8-9d65-0f0af11dc2b6","workflowId":"ssxWpVLumwwKwla2","executionId":"8"}}
{"__type":"$$EventMessageConfirm","confirm":"07130051-2fb0-4d15-ba64-dd9b3f4bb65c","ts":"2026-04-30T22:12:06.090-04:00","source":{"id":"0","name":"eventBus"}}
{"__type":"$$EventMessageRunner","id":"690f38a3-9784-4f53-8424-e9f9546fb674","ts":"2026-04-30T22:12:06.096-04:00","eventName":"n8n.runner.response.received","message":"n8n.runner.response.received","payload":{"taskId":"2nX5_qmo","nodeId":"a1bdbe3e-81f6-46c8-9d65-0f0af11dc2b6","workflowId":"ssxWpVLumwwKwla2","executionId":"8"}}
{"__type":"$$EventMessageConfirm","confirm":"690f38a3-9784-4f53-8424-e9f9546fb674","ts":"2026-04-30T22:12:06.096-04:00","source":{"id":"0","name":"eventBus"}}
{"__type":"$$EventMessageNode","id":"8a66c993-1304-446e-aa56-ef05ff12b747","ts":"2026-04-30T22:12:06.096-04:00","eventName":"n8n.node.finished","message":"n8n.node.finished","payload":{"workflowId":"ssxWpVLumwwKwla2","workflowName":"05 - Camera Behavior - Behavior Monitoring Agent","executionId":"8","nodeType":"n8n-nodes-base.code","nodeName":"Inject Test Payload","nodeId":"a1bdbe3e-81f6-46c8-9d65-0f0af11dc2b6"}}
{"__type":"$$EventMessageConfirm","confirm":"8a66c993-1304-446e-aa56-ef05ff12b747","ts":"2026-04-30T22:12:06.096-04:00","source":{"id":"0","name":"eventBus"}}
{"__type":"$$EventMessageNode","id":"38292f04-63e6-4799-8fc1-e9b27a37bcee","ts":"2026-04-30T22:12:06.096-04:00","eventName":"n8n.node.started","message":"n8n.node.started","payload":{"workflowId":"ssxWpVLumwwKwla2","workflowName":"05 - Camera Behavior - Behavior Monitoring Agent","executionId":"8","nodeType":"n8n-nodes-base.httpRequest","nodeName":"Load Study Config","nodeId":"4c36d3f8-1ddf-45e8-b21c-f5d0767f2bd4"}}
{"__type":"$$EventMessageConfirm","confirm":"38292f04-63e6-4799-8fc1-e9b27a37bcee","ts":"2026-04-30T22:12:06.096-04:00","source":{"id":"0","name":"eventBus"}}
{"__type":"$$EventMessageNode","id":"83df338d-de5e-4abc-9e74-ef3b268b6b86","ts":"2026-04-30T22:12:06.110-04:00","eventName":"n8n.node.finished","message":"n8n.node.finished","payload":{"workflowId":"ssxWpVLumwwKwla2","workflowName":"05 - Camera Behavior - Behavior Monitoring Agent","executionId":"8","nodeType":"n8n-nodes-base.httpRequest","nodeName":"Load Study Config","nodeId":"4c36d3f8-1ddf-45e8-b21c-f5d0767f2bd4"}}
{"__type":"$$EventMessageConfirm","confirm":"83df338d-de5e-4abc-9e74-ef3b268b6b86","ts":"2026-04-30T22:12:06.110-04:00","source":{"id":"0","name":"eventBus"}}
{"__type":"$$EventMessageWorkflow","id":"6b596328-e17f-4bcd-a2bd-1e4d6e3e0563","ts":"2026-04-30T22:12:06.112-04:00","eventName":"n8n.workflow.failed","message":"n8n.workflow.failed","payload":{"userId":"c6fe5f47-346b-46a6-9af8-71b0a3ce97fe","executionId":"8","success":false,"isManual":true,"mode":"manual","workflowId":"ssxWpVLumwwKwla2","workflowName":"05 - Camera Behavior - Behavior Monitoring Agent","lastNodeExecuted":"Load Study Config","errorNodeType":"n8n-nodes-base.httpRequest","errorMessage":"The connection cannot be established, this usually occurs due to an incorrect host (domain) value"}}
{"__type":"$$EventMessageConfirm","confirm":"6b596328-e17f-4bcd-a2bd-1e4d6e3e0563","ts":"2026-04-30T22:12:06.113-04:00","source":{"id":"0","name":"eventBus"}}
