{"__type":"$$EventMessageWorkflow","id":"f1679295-775c-4eb1-a477-faa30fee7b39","ts":"2026-05-01T02:22:31.382+00:00","eventName":"n8n.workflow.started","message":"n8n.workflow.started","payload":{"executionId":"9","workflowId":"ssxWpVLumwwKwla2","isManual":false,"mode":"manual","workflowName":"05 - Camera Behavior - Behavior Monitoring Agent"}}
{"__type":"$$EventMessageConfirm","confirm":"f1679295-775c-4eb1-a477-faa30fee7b39","ts":"2026-05-01T02:22:31.382+00:00","source":{"id":"0","name":"eventBus"}}
{"__type":"$$EventMessageNode","id":"b73e2808-e8ce-4229-91e0-2a924dec4cea","ts":"2026-05-01T02:22:31.384+00:00","eventName":"n8n.node.started","message":"n8n.node.started","payload":{"workflowId":"ssxWpVLumwwKwla2","workflowName":"05 - Camera Behavior - Behavior Monitoring Agent","executionId":"9","nodeType":"n8n-nodes-base.manualTrigger","nodeName":"Manual Test Trigger","nodeId":"8fcc05d6-766b-4129-955b-957f18cbed85"}}
{"__type":"$$EventMessageConfirm","confirm":"b73e2808-e8ce-4229-91e0-2a924dec4cea","ts":"2026-05-01T02:22:31.384+00:00","source":{"id":"0","name":"eventBus"}}
{"__type":"$$EventMessageNode","id":"8ffe12ff-578e-40f2-9617-fcdb53fd6e09","ts":"2026-05-01T02:22:31.385+00:00","eventName":"n8n.node.finished","message":"n8n.node.finished","payload":{"workflowId":"ssxWpVLumwwKwla2","workflowName":"05 - Camera Behavior - Behavior Monitoring Agent","executionId":"9","nodeType":"n8n-nodes-base.manualTrigger","nodeName":"Manual Test Trigger","nodeId":"8fcc05d6-766b-4129-955b-957f18cbed85"}}
{"__type":"$$EventMessageConfirm","confirm":"8ffe12ff-578e-40f2-9617-fcdb53fd6e09","ts":"2026-05-01T02:22:31.385+00:00","source":{"id":"0","name":"eventBus"}}
{"__type":"$$EventMessageNode","id":"4409e594-2ae1-4360-a2a2-afed1ee910b1","ts":"2026-05-01T02:22:31.385+00:00","eventName":"n8n.node.started","message":"n8n.node.started","payload":{"workflowId":"ssxWpVLumwwKwla2","workflowName":"05 - Camera Behavior - Behavior Monitoring Agent","executionId":"9","nodeType":"n8n-nodes-base.code","nodeName":"Inject Test Payload","nodeId":"a1bdbe3e-81f6-46c8-9d65-0f0af11dc2b6"}}
{"__type":"$$EventMessageConfirm","confirm":"4409e594-2ae1-4360-a2a2-afed1ee910b1","ts":"2026-05-01T02:22:31.385+00:00","source":{"id":"0","name":"eventBus"}}
{"__type":"$$EventMessageRunner","id":"919e207a-84a5-4d4d-9836-cb25277114a3","ts":"2026-05-01T02:22:31.395+00:00","eventName":"n8n.runner.task.requested","message":"n8n.runner.task.requested","payload":{"taskId":"Edd5vFCV","nodeId":"a1bdbe3e-81f6-46c8-9d65-0f0af11dc2b6","workflowId":"ssxWpVLumwwKwla2","executionId":"9"}}
{"__type":"$$EventMessageConfirm","confirm":"919e207a-84a5-4d4d-9836-cb25277114a3","ts":"2026-05-01T02:22:31.396+00:00","source":{"id":"0","name":"eventBus"}}
{"__type":"$$EventMessageRunner","id":"201f2c95-ff1f-4c05-8919-6b777b12ede2","ts":"2026-05-01T02:22:31.469+00:00","eventName":"n8n.runner.response.received","message":"n8n.runner.response.received","payload":{"taskId":"Edd5vFCV","nodeId":"a1bdbe3e-81f6-46c8-9d65-0f0af11dc2b6","workflowId":"ssxWpVLumwwKwla2","executionId":"9"}}
{"__type":"$$EventMessageConfirm","confirm":"201f2c95-ff1f-4c05-8919-6b777b12ede2","ts":"2026-05-01T02:22:31.470+00:00","source":{"id":"0","name":"eventBus"}}
{"__type":"$$EventMessageNode","id":"c94c6f18-6c8f-49b5-86a1-0d404e338314","ts":"2026-05-01T02:22:31.472+00:00","eventName":"n8n.node.finished","message":"n8n.node.finished","payload":{"workflowId":"ssxWpVLumwwKwla2","workflowName":"05 - Camera Behavior - Behavior Monitoring Agent","executionId":"9","nodeType":"n8n-nodes-base.code","nodeName":"Inject Test Payload","nodeId":"a1bdbe3e-81f6-46c8-9d65-0f0af11dc2b6"}}
{"__type":"$$EventMessageConfirm","confirm":"c94c6f18-6c8f-49b5-86a1-0d404e338314","ts":"2026-05-01T02:22:31.472+00:00","source":{"id":"0","name":"eventBus"}}
{"__type":"$$EventMessageNode","id":"e60f825b-f86d-46ff-ba3b-40836d29fa98","ts":"2026-05-01T02:22:31.472+00:00","eventName":"n8n.node.started","message":"n8n.node.started","payload":{"workflowId":"ssxWpVLumwwKwla2","workflowName":"05 - Camera Behavior - Behavior Monitoring Agent","executionId":"9","nodeType":"n8n-nodes-base.httpRequest","nodeName":"Load Study Config","nodeId":"4c36d3f8-1ddf-45e8-b21c-f5d0767f2bd4"}}
{"__type":"$$EventMessageConfirm","confirm":"e60f825b-f86d-46ff-ba3b-40836d29fa98","ts":"2026-05-01T02:22:31.473+00:00","source":{"id":"0","name":"eventBus"}}
{"__type":"$$EventMessageNode","id":"e8ff9815-d153-44e3-ab23-7b0e2c4fcd96","ts":"2026-04-30T22:22:31.649-04:00","eventName":"n8n.node.finished","message":"n8n.node.finished","payload":{"workflowId":"ssxWpVLumwwKwla2","workflowName":"05 - Camera Behavior - Behavior Monitoring Agent","executionId":"9","nodeType":"n8n-nodes-base.httpRequest","nodeName":"Load Study Config","nodeId":"4c36d3f8-1ddf-45e8-b21c-f5d0767f2bd4"}}
{"__type":"$$EventMessageConfirm","confirm":"e8ff9815-d153-44e3-ab23-7b0e2c4fcd96","ts":"2026-04-30T22:22:31.650-04:00","source":{"id":"0","name":"eventBus"}}
{"__type":"$$EventMessageWorkflow","id":"9b15b12d-3110-49e4-80dd-c7af86d53ed4","ts":"2026-04-30T22:22:31.655-04:00","eventName":"n8n.workflow.failed","message":"n8n.workflow.failed","payload":{"userId":"c6fe5f47-346b-46a6-9af8-71b0a3ce97fe","executionId":"9","success":false,"isManual":true,"mode":"manual","workflowId":"ssxWpVLumwwKwla2","workflowName":"05 - Camera Behavior - Behavior Monitoring Agent","lastNodeExecuted":"Load Study Config","errorNodeType":"n8n-nodes-base.httpRequest","errorMessage":"The connection cannot be established, this usually occurs due to an incorrect host (domain) value"}}
{"__type":"$$EventMessageConfirm","confirm":"9b15b12d-3110-49e4-80dd-c7af86d53ed4","ts":"2026-04-30T22:22:31.655-04:00","source":{"id":"0","name":"eventBus"}}
{"__type":"$$EventMessageAudit","id":"88f6359d-27d0-4fc3-8d9f-8e7e662ece7d","ts":"2026-04-30T22:28:33.006-04:00","eventName":"n8n.audit.workflow.updated","message":"n8n.audit.workflow.updated","payload":{"userId":"c6fe5f47-346b-46a6-9af8-71b0a3ce97fe","_email":"arec20252026@gmail.com","_firstName":"AREC","_lastName":"20252026","globalRole":"global:owner","workflowId":"ssxWpVLumwwKwla2","workflowName":"05 - Camera Behavior - Behavior Monitoring Agent"}}
{"__type":"$$EventMessageConfirm","confirm":"88f6359d-27d0-4fc3-8d9f-8e7e662ece7d","ts":"2026-04-30T22:28:33.006-04:00","source":{"id":"0","name":"eventBus"}}
